format: running
format: passed (0.893s)
compile: running
compile: passed (1.081s)
unit: running
unit: passed (43.686s)
toolkit: running
toolkit: passed (8.779s)
seed_reference: running
seed_reference: passed (3.65s)
seed_candidate: running
seed_candidate: passed (1.653s)
http: running
http: passed (46.218s)
mutation: running
mutation: passed (6.978s)
sessions: running
sessions: passed (7.283s)
first_run: running
first_run: passed (6.886s)
signup: running
signup: passed (15.201s)
session_lifecycle: running
session_lifecycle: passed (11.924s)
request_failures: running
request_failures: passed (7.951s)
proxy_context: running
proxy_context: passed (5.195s)
route_errors: running
route_errors: passed (5.867s)
format_probe: running
format_probe: passed (9.687s)
bot_formats: running
bot_formats: passed (9.308s)
http_headers: running
http_headers: passed (5.854s)
public_files: running
public_files: passed (5.441s)
assets: running
assets: passed (5.846s)
http_compression: running
http_compression: passed (7.88s)
image_headers: running
image_headers: passed (7.929s)
errors: running
errors: passed (6.554s)
navigation: running
navigation: passed (7.701s)
browser_pages: running
browser_pages: passed (9.216s)
welcome: running
welcome: passed (6.876s)
account_page: running
account_page: passed (7.3s)
account_users: running
account_users: passed (7.489s)
settings_pages: running
settings_pages: passed (7.329s)
profile_pages: running
profile_pages: passed (8.115s)
user_pages: running
user_pages: passed (7.673s)
push_subscription_pages: running
push_subscription_pages: passed (8.022s)
room_forms: running
room_forms: passed (9.058s)
room_page: running
room_page: passed (8.661s)
boost_pages: running
boost_pages: passed (6.507s)
messages: running
messages: passed (7.489s)
message_cache: running
message_cache: passed (7.63s)
administration: running
administration: passed (6.97s)
mutation_edges: running
mutation_edges: passed (7.133s)
message_scalars: running
message_scalars: passed (7.526s)
transaction_failures: running
transaction_failures: passed (12.034s)
message_attachments: running
message_attachments: passed (61.517s)
storage: running
storage: passed (6.51s)
media: running
media: passed (17.242s)
attachments: running
attachments: passed (17.983s)
branding: running
branding: passed (11.738s)
room_deletion: running
room_deletion: passed (17.183s)
cable: running
cable: passed (6.67s)
cable_interop: running
cable_interop: passed (6.356s)
message_broadcasts: running
message_broadcasts: passed (6.538s)
room_broadcasts: running
room_broadcasts: passed (6.612s)
user_lifecycle: running
user_lifecycle: passed (13.703s)
jobs: running
jobs: passed (11.889s)
network_protocol: running
network_protocol: passed (20.439s)
webhook_replies: running
webhook_replies: passed (143.953s)
worker_lifecycle: running
worker_lifecycle: passed (24.078s)
push_delivery: running
push_delivery: passed (47.252s)
browser_flows: running
browser_flows: passed (16.783s)
qr: running
qr: passed (5.929s)
release: running
release: passed (1.605s)
frontend: running
frontend: passed (8.055s)
fresh_install: running
fresh_install: passed (12.954s)
release_smoke: running
release_smoke: passed (2.002s)
http_shutdown: running
http_shutdown: passed (20.953s)
rollback: running
rollback: passed (19.664s)
All selected parity gates passed
