cc -O2 -std=c99 -Ivendor/gumbo/src html.c vendor/gumbo/src/ascii.c vendor/gumbo/src/attribute.c vendor/gumbo/src/char_ref.c vendor/gumbo/src/error.c vendor/gumbo/src/foreign_attrs.c vendor/gumbo/src/parser.c vendor/gumbo/src/string_buffer.c vendor/gumbo/src/string_piece.c vendor/gumbo/src/svg_attrs.c vendor/gumbo/src/svg_tags.c vendor/gumbo/src/tag.c vendor/gumbo/src/tag_lookup.c vendor/gumbo/src/token_buffer.c vendor/gumbo/src/tokenizer.c vendor/gumbo/src/utf8.c vendor/gumbo/src/util.c vendor/gumbo/src/vector.c -o /app/_build/dev/native/29-x86_64-pc-linux-gnu/campfire-html
Compiling 90 files (.ex)
Generated campfire app
Checking 125 source files (this might take a while) ...

Please report incorrect results: https://github.com/rrrene/credo/issues

Analysis took 0.8 seconds (0.06s to load, 0.8s running 64 checks on 125 files)
1005 mods/funs, found no issues.

Use `mix credo explain` to explain issues, `mix credo --help` for options.

Starting Dialyzer
[
  check_plt: false,
  init_plt: ~c"/app/_build/dev/dialyxir_erlang-29.1.1_elixir-1.20.4_deps-dev.plt",
  files: [~c"/app/_build/dev/lib/campfire/ebin/Elixir.Campfire.Admin.beam",
   ~c"/app/_build/dev/lib/campfire/ebin/Elixir.Campfire.Sessions.beam",
   ~c"/app/_build/dev/lib/campfire/ebin/Elixir.Campfire.Jobs.beam",
   ~c"/app/_build/dev/lib/campfire/ebin/Elixir.Campfire.RateLimiter.beam",
   ~c"/app/_build/dev/lib/campfire/ebin/Elixir.Campfire.UserAgent.beam", ...],
  ...
]
Total errors: 0, Skipped: 0, Unnecessary Skips: 0
done in 0m6.91s
done (passed successfully)
cc -O2 -std=c99 -Ivendor/gumbo/src html.c vendor/gumbo/src/ascii.c vendor/gumbo/src/attribute.c vendor/gumbo/src/char_ref.c vendor/gumbo/src/error.c vendor/gumbo/src/foreign_attrs.c vendor/gumbo/src/parser.c vendor/gumbo/src/string_buffer.c vendor/gumbo/src/string_piece.c vendor/gumbo/src/svg_attrs.c vendor/gumbo/src/svg_tags.c vendor/gumbo/src/tag.c vendor/gumbo/src/tag_lookup.c vendor/gumbo/src/token_buffer.c vendor/gumbo/src/tokenizer.c vendor/gumbo/src/utf8.c vendor/gumbo/src/util.c vendor/gumbo/src/vector.c -o /app/_build/test/native/29-x86_64-pc-linux-gnu/campfire-html
Compiling 2 files (.ex)
Generated campfire app
Running ExUnit with seed: 954885, max_cases: 32

.................................
Finished in 2.1 seconds (0.5s async, 1.6s sync)

Result: 33 passed

#24 [stage-2 10/10] RUN mkdir -p /rails/storage/db /rails/storage/files /rails/storage/backups /rails/storage/thruster && chown -R 1000:1000 /rails/storage
#24 DONE 0.2s

#25 exporting to image
#25 exporting layers
#25 exporting layers 3.8s done
#25 exporting manifest sha256:d62e3598d6b87bbf07f29007b86a8a13f9d45334afc6e28786dae4e2c37db9e7 0.0s done
#25 exporting config sha256:1219e7d2accd48b767f6e3283aea26bcfec30e086b156ac9ebd1982f59cf87b4 done
#25 exporting attestation manifest sha256:d9cae98f3c4deec2bb04378d218927a16d6bab9cdcc43b234209aeb53bd5e674 done
#25 exporting manifest list sha256:57ec8cf3ec3539e3a5b6e5b41ef1010862eebff5f36942182b52bfab556ac6f5 done
#25 naming to docker.io/library/campfire-elixir:statement-cache-integration done
#25 unpacking to docker.io/library/campfire-elixir:statement-cache-integration
#25 unpacking to docker.io/library/campfire-elixir:statement-cache-integration 1.1s done
#25 DONE 5.0s
