parity ledger gate SKIPPED
date: 2026-10-05T18:16:42+00:00
host: 7.0.12-linuxkit, , 8 threads, 7GB
server cpus: 0-3 (nproc 4); loadgen cpus: 4-7; network: host
env: WEB_CONCURRENCY=3 JOB_CONCURRENCY=3 RAILS_MAX_THREADS=5 
seed sha256: 58e6bb4498a188b33a52bbb79d82499d96a531f9afb9fc736a801532ddba1817  /Users/lau/oss/once-campfire-rust/parity/.seed/default/db/production.sqlite3
elixir source digest: f84778bedf993cde9028c8846023cf3a19278a1946728e618f1167ebf6435f9a
rust extra env: 
workload: suites=http HTTP_SECS=4 HTTP_CONCS=1 16 64 CABLE_CLIENTS=100 500 1000 CABLE_TPUT_SECS=15 CABLE_POSTERS=4 UPLOAD_REPS=5 REPS=3
request logging (LOG_REQUESTS): false
parity ledger gate: skipped; runner: bench/docker-desktop
quiet wait: LOAD_MAX=1.5 LOAD_WAIT_SECS=120
user agent: (none)
elixir image: campfire-elixir:further-perf-r4 sha256:cd37417bb02555adcf86fbc4c1932f630f288c27e5c8a76f9dd2ec9ac98c27eb 2026-10-05T17:23:57.721164471Z unpacked_bytes=1705222560
rust image: campfire-rust:3fe9f61 sha256:6b56cc579ca1362b9651cc59933d3dc0f3c0cbb2b49c7ee6ab6dc7b0d395b860 2026-10-05T18:13:16.610350049Z unpacked_bytes=619399397
go image: once-campfire-go:8d2f7f2 sha256:4654ab6308b7831aa074ad4fe00a81570d0fb43bb047d75cf3878d419cd18f22 2026-10-05T18:16:14.146523381Z unpacked_bytes=179148001
reference image: campfire-rust:ccece30 sha256:2993c03eefb666f750443b4baea0141557e02c149804e6a816373ae98ba641a2 2026-10-05T05:09:04.1517528Z unpacked_bytes=185767929
go HEAD: 8d2f7f24f56dac87dba0211b68b14d9e21e4b516 (dirty: 0 files)
rust HEAD: 64f8635 (dirty: 0 files)
[18:17:43] load before run: 1.32 2.73 2.39 (waited 60s)
[18:17:43] elixir rep 1: starting (load: 1.32 2.73 2.39)
[18:17:55] elixir rep 1: cold start 1253ms, idle 162MB (anon 126MB)
[18:18:01] elixir rep 1: room_show c=1 4739.9 rps p50 0.205 p99 0.301 {'200': 18960} err 0
[18:18:05] elixir rep 1: room_show c=16 17236.8 rps p50 0.788 p99 3.781 {'200': 68982} err 0
[18:18:09] elixir rep 1: room_show c=64 17406.4 rps p50 3.181 p99 10.679 {'200': 69723} err 0
[18:18:15] elixir rep 1: messages_page c=1 5686.7 rps p50 0.159 p99 0.47 {'200': 22748} err 0
[18:18:19] elixir rep 1: messages_page c=16 20672.3 rps p50 0.608 p99 3.739 {'200': 82779} err 0
[18:18:23] elixir rep 1: messages_page c=64 22133.5 rps p50 2.291 p99 10.111 {'200': 88619} err 0
[18:18:29] elixir rep 1: sidebar c=1 6520.7 rps p50 0.141 p99 0.359 {'200': 26084} err 0
[18:18:33] elixir rep 1: sidebar c=16 25700.2 rps p50 0.481 p99 3.479 {'200': 102822} err 0
[18:18:37] elixir rep 1: sidebar c=64 28085.0 rps p50 1.645 p99 8.695 {'200': 112403} err 0
[18:18:43] elixir rep 1: search c=1 5944.7 rps p50 0.149 p99 0.505 {'200': 23780} err 0
[18:18:48] elixir rep 1: search c=16 22165.5 rps p50 0.555 p99 3.733 {'200': 88684} err 0
[18:18:52] elixir rep 1: search c=64 23804.6 rps p50 2.03 p99 9.399 {'200': 95277} err 0
[18:18:58] elixir rep 1: avatar c=1 16369.1 rps p50 0.053 p99 0.146 {'200': 65478} err 0
[18:19:02] elixir rep 1: avatar c=16 102812.9 rps p50 0.124 p99 0.585 {'200': 411320} err 0
[18:19:06] elixir rep 1: avatar c=64 159534.2 rps p50 0.338 p99 1.277 {'200': 638541} err 0
[18:19:12] elixir rep 1: static_css c=1 19267.1 rps p50 0.048 p99 0.084 {'200': 77071} err 0
[18:19:16] elixir rep 1: static_css c=16 132204.4 rps p50 0.105 p99 0.315 {'200': 528912} err 0
[18:19:20] elixir rep 1: static_css c=64 172106.0 rps p50 0.31 p99 1.232 {'200': 688892} err 0
[18:19:26] elixir rep 1: up c=1 10966.0 rps p50 0.093 p99 0.125 {'200': 43866} err 0
[18:19:30] elixir rep 1: up c=16 84995.9 rps p50 0.167 p99 0.516 {'200': 340058} err 0
[18:19:34] elixir rep 1: up c=64 88818.9 rps p50 0.66 p99 1.904 {'200': 355423} err 0
[18:19:40] elixir rep 1: post_message c=1 941.5 rps p50 0.783 p99 7.383 {'200': 3767} err 0
[18:19:44] elixir rep 1: post_message c=16 1995.0 rps p50 6.343 p99 17.679 {'200': 7990} err 0
[18:19:48] elixir rep 1: post_message c=64 1932.4 rps p50 31.455 p99 53.823 {'200': 7793} err 0
[18:19:49] elixir rep 1: done -> bench/results/elixir-rust-go-macos-m3-20261006/elixir-1.json
[18:21:19] load before run: 1.36 3.11 2.71 (waited 90s)
[18:21:19] rust rep 1: starting (load: 1.36 3.11 2.71)
[18:21:29] rust rep 1: cold start 266ms, idle 46MB (anon 44MB)
[18:21:36] rust rep 1: room_show c=1 306.2 rps p50 2.855 p99 10.415 {'200': 1227} err 0
[18:21:40] rust rep 1: room_show c=16 1199.9 rps p50 12.103 p99 36.159 {'200': 4822} err 0
[18:21:44] rust rep 1: room_show c=64 1566.3 rps p50 40.479 p99 74.175 {'200': 6332} err 0
[18:21:50] rust rep 1: messages_page c=1 752.7 rps p50 1.314 p99 1.571 {'200': 3011} err 0
[18:21:54] rust rep 1: messages_page c=16 3260.7 rps p50 4.751 p99 9.127 {'200': 13059} err 0
[18:21:58] rust rep 1: messages_page c=64 3349.5 rps p50 18.895 p99 32.767 {'200': 13457} err 0
[18:22:04] rust rep 1: sidebar c=1 1533.6 rps p50 0.64 p99 0.747 {'200': 6135} err 0
[18:22:08] rust rep 1: sidebar c=16 8385.3 rps p50 1.815 p99 3.823 {'200': 33560} err 0
[18:22:12] rust rep 1: sidebar c=64 8621.1 rps p50 7.235 p99 13.751 {'200': 34549} err 0
[18:22:18] rust rep 1: search c=1 781.4 rps p50 1.268 p99 1.474 {'200': 3126} err 0
[18:22:22] rust rep 1: search c=16 3671.4 rps p50 4.243 p99 7.775 {'200': 14703} err 0
[18:22:27] rust rep 1: search c=64 3437.9 rps p50 17.967 p99 36.671 {'200': 13812} err 0
[18:22:33] rust rep 1: avatar c=1 21427.6 rps p50 0.045 p99 0.08 {'200': 85712} err 0
[18:22:37] rust rep 1: avatar c=16 185559.1 rps p50 0.077 p99 0.197 {'200': 742313} err 0
[18:22:41] rust rep 1: avatar c=64 231643.9 rps p50 0.258 p99 0.6 {'200': 927223} err 0
[18:22:47] rust rep 1: static_css c=1 22998.5 rps p50 0.044 p99 0.06 {'200': 91999} err 0
[18:22:51] rust rep 1: static_css c=16 210104.0 rps p50 0.069 p99 0.173 {'200': 840519} err 0
[18:22:55] rust rep 1: static_css c=64 278040.2 rps p50 0.216 p99 0.49 {'200': 1112503} err 0
[18:23:01] rust rep 1: up c=1 11474.7 rps p50 0.085 p99 0.111 {'200': 45900} err 0
[18:23:05] rust rep 1: up c=16 84031.8 rps p50 0.181 p99 0.39 {'200': 336173} err 0
[18:23:09] rust rep 1: up c=64 83971.5 rps p50 0.714 p99 1.724 {'200': 336018} err 0
[18:23:15] rust rep 1: post_message c=1 1411.1 rps p50 0.7 p99 1.185 {'200': 5645} err 0
[18:23:19] rust rep 1: post_message c=16 5035.4 rps p50 2.887 p99 10.911 {'200': 20155} err 0
[18:23:23] rust rep 1: post_message c=64 4683.8 rps p50 12.415 p99 34.719 {'200': 18828} err 0
[18:23:24] rust rep 1: done -> bench/results/elixir-rust-go-macos-m3-20261006/rust-1.json
[18:24:54] load before run: 1.35 3.12 2.87 (waited 90s)
[18:24:54] go rep 1: starting (load: 1.35 3.12 2.87)
[18:25:04] go rep 1: cold start 224ms, idle 13MB (anon 11MB)
[18:25:11] go rep 1: room_show c=1 1044.7 rps p50 0.931 p99 1.462 {'200': 4180} err 0
[18:25:15] go rep 1: room_show c=16 4009.6 rps p50 3.317 p99 12.751 {'200': 16057} err 0
[18:25:19] go rep 1: room_show c=64 3920.5 rps p50 14.767 p99 52.863 {'200': 15748} err 0
[18:25:25] go rep 1: messages_page c=1 1283.1 rps p50 0.762 p99 1.175 {'200': 5133} err 0
[18:25:29] go rep 1: messages_page c=16 4882.8 rps p50 2.483 p99 10.711 {'200': 19548} err 0
[18:25:33] go rep 1: messages_page c=64 5002.8 rps p50 10.407 p99 44.447 {'200': 20077} err 0
[18:25:39] go rep 1: sidebar c=1 4286.8 rps p50 0.228 p99 0.445 {'200': 17148} err 0
[18:25:43] go rep 1: sidebar c=16 13939.6 rps p50 1.04 p99 2.927 {'200': 55772} err 0
[18:25:47] go rep 1: sidebar c=64 12791.4 rps p50 4.731 p99 10.495 {'200': 51212} err 0
[18:25:53] go rep 1: search c=1 1897.3 rps p50 0.507 p99 0.951 {'200': 7590} err 0
[18:25:57] go rep 1: search c=16 7332.7 rps p50 1.715 p99 7.055 {'200': 29347} err 0
[18:26:01] go rep 1: search c=64 5731.2 rps p50 10.215 p99 30.399 {'200': 23001} err 0
[18:26:07] go rep 1: avatar c=1 17050.9 rps p50 0.057 p99 0.095 {'200': 68206} err 0
[18:26:11] go rep 1: avatar c=16 119947.4 rps p50 0.111 p99 0.473 {'200': 479863} err 0
[18:26:15] go rep 1: avatar c=64 148362.8 rps p50 0.317 p99 2.103 {'200': 593700} err 0
[18:26:21] go rep 1: static_css c=1 21146.6 rps p50 0.047 p99 0.071 {'200': 84589} err 0
[18:26:25] go rep 1: static_css c=16 176879.8 rps p50 0.075 p99 0.32 {'200': 707598} err 0
[18:26:29] go rep 1: static_css c=64 216678.7 rps p50 0.229 p99 1.427 {'200': 867283} err 0
[18:26:35] go rep 1: up c=1 16107.9 rps p50 0.061 p99 0.086 {'200': 64433} err 0
[18:26:39] go rep 1: up c=16 122861.5 rps p50 0.102 p99 0.56 {'200': 491522} err 0
[18:26:44] go rep 1: up c=64 131272.7 rps p50 0.357 p99 2.249 {'200': 525294} err 0
[18:26:50] go rep 1: post_message c=1 1797.5 rps p50 0.423 p99 6.279 {'200': 7193} err 0
[18:26:54] go rep 1: post_message c=16 3922.3 rps p50 2.077 p99 15.487 {'200': 15706} err 0
[18:26:58] go rep 1: post_message c=64 3986.6 rps p50 12.775 p99 68.991 {'200': 16008} err 0
[18:26:58] go rep 1: done -> bench/results/elixir-rust-go-macos-m3-20261006/go-1.json
[18:27:58] load before run: 1.48 2.87 2.84 (waited 60s)
[18:27:58] reference rep 1: starting (load: 1.48 2.87 2.84)
[18:28:09] reference rep 1: cold start 283ms, idle 17MB (anon 15MB)
[18:28:15] reference rep 1: room_show c=1 6825.0 rps p50 0.146 p99 0.179 {'200': 27301} err 0
[18:28:19] reference rep 1: room_show c=16 27356.2 rps p50 0.554 p99 1.185 {'200': 109441} err 0
[18:28:23] reference rep 1: room_show c=64 26904.0 rps p50 2.273 p99 4.795 {'200': 107691} err 0
[18:28:29] reference rep 1: messages_page c=1 7159.0 rps p50 0.137 p99 0.166 {'200': 28637} err 0
[18:28:33] reference rep 1: messages_page c=16 28335.2 rps p50 0.535 p99 1.152 {'200': 113366} err 0
[18:28:37] reference rep 1: messages_page c=64 28358.2 rps p50 2.179 p99 4.143 {'200': 113495} err 0
[18:28:43] reference rep 1: sidebar c=1 6357.9 rps p50 0.154 p99 0.19 {'200': 25432} err 0
[18:28:47] reference rep 1: sidebar c=16 27538.0 rps p50 0.55 p99 1.209 {'200': 110176} err 0
[18:28:51] reference rep 1: sidebar c=64 27556.9 rps p50 2.223 p99 4.615 {'200': 110303} err 0
[18:28:57] reference rep 1: search c=1 5579.9 rps p50 0.177 p99 0.211 {'200': 22321} err 0
[18:29:01] reference rep 1: search c=16 25487.8 rps p50 0.588 p99 1.286 {'200': 101972} err 0
[18:29:06] reference rep 1: search c=64 28503.3 rps p50 2.107 p99 4.447 {'200': 114120} err 0
[18:29:12] reference rep 1: avatar c=1 22624.0 rps p50 0.044 p99 0.055 {'200': 90498} err 0
[18:29:16] reference rep 1: avatar c=16 193501.5 rps p50 0.074 p99 0.18 {'200': 774117} err 0
[18:29:20] reference rep 1: avatar c=64 231003.3 rps p50 0.254 p99 0.657 {'200': 925033} err 0
[18:29:26] reference rep 1: static_css c=1 22942.0 rps p50 0.043 p99 0.055 {'200': 91770} err 0
[18:29:30] reference rep 1: static_css c=16 209521.2 rps p50 0.069 p99 0.176 {'200': 838168} err 0
[18:29:34] reference rep 1: static_css c=64 279469.7 rps p50 0.214 p99 0.493 {'200': 1118275} err 0
[18:29:40] reference rep 1: up c=1 16888.7 rps p50 0.059 p99 0.071 {'200': 67556} err 0
[18:29:44] reference rep 1: up c=16 142937.1 rps p50 0.102 p99 0.24 {'200': 571882} err 0
[18:29:48] reference rep 1: up c=64 188643.1 rps p50 0.322 p99 0.699 {'200': 754869} err 0
[18:29:54] reference rep 1: post_message c=1 2544.7 rps p50 0.369 p99 0.803 {'200': 10180} err 0
[18:29:58] reference rep 1: post_message c=16 6307.8 rps p50 2.281 p99 9.295 {'200': 25250} err 0
[18:30:02] reference rep 1: post_message c=64 6027.6 rps p50 9.759 p99 20.575 {'200': 24170} err 0
[18:30:03] reference rep 1: done -> bench/results/elixir-rust-go-macos-m3-20261006/reference-1.json
[18:31:13] load before run: 1.36 2.74 2.84 (waited 70s)
[18:31:13] reference rep 2: starting (load: 1.36 2.74 2.84)
[18:31:23] reference rep 2: cold start 265ms, idle 17MB (anon 14MB)
[18:31:30] reference rep 2: room_show c=1 6919.2 rps p50 0.142 p99 0.178 {'200': 27679} err 0
[18:31:34] reference rep 2: room_show c=16 26796.1 rps p50 0.562 p99 1.28 {'200': 107204} err 0
[18:31:38] reference rep 2: room_show c=64 26737.0 rps p50 2.301 p99 4.651 {'200': 107017} err 0
[18:31:44] reference rep 2: messages_page c=1 7059.9 rps p50 0.138 p99 0.197 {'200': 28240} err 0
[18:31:48] reference rep 2: messages_page c=16 28390.7 rps p50 0.534 p99 1.149 {'200': 113582} err 0
[18:31:52] reference rep 2: messages_page c=64 28880.7 rps p50 2.135 p99 4.191 {'200': 115613} err 0
[18:31:58] reference rep 2: sidebar c=1 6340.2 rps p50 0.155 p99 0.185 {'200': 25361} err 0
[18:32:02] reference rep 2: sidebar c=16 27671.1 rps p50 0.549 p99 1.184 {'200': 110708} err 0
[18:32:06] reference rep 2: sidebar c=64 27662.0 rps p50 2.221 p99 4.515 {'200': 110708} err 0
[18:32:12] reference rep 2: search c=1 5557.1 rps p50 0.177 p99 0.218 {'200': 22230} err 0
[18:32:16] reference rep 2: search c=16 25655.0 rps p50 0.587 p99 1.254 {'200': 102641} err 0
[18:32:20] reference rep 2: search c=64 26763.5 rps p50 2.263 p99 4.527 {'200': 107189} err 0
[18:32:26] reference rep 2: avatar c=1 22821.3 rps p50 0.044 p99 0.068 {'200': 91289} err 0
[18:32:30] reference rep 2: avatar c=16 195359.4 rps p50 0.074 p99 0.178 {'200': 781512} err 0
[18:32:34] reference rep 2: avatar c=64 243990.3 rps p50 0.246 p99 0.558 {'200': 976524} err 0
[18:32:40] reference rep 2: static_css c=1 22976.9 rps p50 0.043 p99 0.052 {'200': 91909} err 0
[18:32:44] reference rep 2: static_css c=16 216792.1 rps p50 0.067 p99 0.165 {'200': 867263} err 0
[18:32:48] reference rep 2: static_css c=64 280738.1 rps p50 0.213 p99 0.487 {'200': 1123347} err 0
[18:32:54] reference rep 2: up c=1 16931.7 rps p50 0.058 p99 0.071 {'200': 67728} err 0
[18:32:58] reference rep 2: up c=16 145852.7 rps p50 0.1 p99 0.231 {'200': 583479} err 0
[18:33:02] reference rep 2: up c=64 183971.9 rps p50 0.325 p99 0.75 {'200': 736381} err 0
[18:33:08] reference rep 2: post_message c=1 2561.5 rps p50 0.369 p99 0.719 {'200': 10247} err 0
[18:33:12] reference rep 2: post_message c=16 6100.9 rps p50 2.349 p99 9.503 {'200': 24460} err 0
[18:33:16] reference rep 2: post_message c=64 6236.7 rps p50 9.527 p99 19.391 {'200': 25000} err 0
[18:33:17] reference rep 2: done -> bench/results/elixir-rust-go-macos-m3-20261006/reference-2.json
[18:34:47] load before run: 1.47 2.75 2.87 (waited 90s)
[18:34:47] go rep 2: starting (load: 1.47 2.75 2.87)
[18:34:58] go rep 2: cold start 215ms, idle 15MB (anon 13MB)
[18:35:04] go rep 2: room_show c=1 1051.6 rps p50 0.924 p99 1.391 {'200': 4207} err 0
[18:35:08] go rep 2: room_show c=16 4175.6 rps p50 3.071 p99 12.263 {'200': 16717} err 0
[18:35:12] go rep 2: room_show c=64 3863.3 rps p50 15.263 p99 42.815 {'200': 15516} err 0
[18:35:18] go rep 2: messages_page c=1 1272.9 rps p50 0.766 p99 1.214 {'200': 5092} err 0
[18:35:22] go rep 2: messages_page c=16 5161.5 rps p50 2.361 p99 9.799 {'200': 20661} err 0
[18:35:26] go rep 2: messages_page c=64 5063.0 rps p50 9.751 p99 52.703 {'200': 20313} err 0
[18:35:32] go rep 2: sidebar c=1 4441.4 rps p50 0.216 p99 0.419 {'200': 17766} err 0
[18:35:36] go rep 2: sidebar c=16 14939.7 rps p50 0.972 p99 2.687 {'200': 59773} err 0
[18:35:40] go rep 2: sidebar c=64 14661.2 rps p50 4.135 p99 9.271 {'200': 58696} err 0
[18:35:46] go rep 2: search c=1 1899.9 rps p50 0.506 p99 0.933 {'200': 7600} err 0
[18:35:50] go rep 2: search c=16 7284.3 rps p50 1.729 p99 7.247 {'200': 29151} err 0
[18:35:54] go rep 2: search c=64 6988.1 rps p50 8.607 p99 22.351 {'200': 28011} err 0
[18:36:01] go rep 2: avatar c=1 16866.4 rps p50 0.058 p99 0.09 {'200': 67468} err 0
[18:36:05] go rep 2: avatar c=16 123654.4 rps p50 0.107 p99 0.45 {'200': 494694} err 0
[18:36:09] go rep 2: avatar c=64 145878.6 rps p50 0.325 p99 2.167 {'200': 583780} err 0
[18:36:15] go rep 2: static_css c=1 21201.0 rps p50 0.047 p99 0.071 {'200': 84808} err 0
[18:36:19] go rep 2: static_css c=16 127253.2 rps p50 0.078 p99 0.673 {'200': 509460} err 0
[18:36:23] go rep 2: static_css c=64 174028.2 rps p50 0.248 p99 1.971 {'200': 696836} err 0
[18:36:29] go rep 2: up c=1 3468.6 rps p50 0.064 p99 1.62 {'200': 13877} err 0
[18:36:33] go rep 2: up c=16 27664.7 rps p50 0.193 p99 3.887 {'200': 110859} err 0
[18:36:37] go rep 2: up c=64 76811.6 rps p50 0.552 p99 4.519 {'200': 308848} err 0
[18:36:44] go rep 2: post_message c=1 519.4 rps p50 0.97 p99 19.919 {'200': 2083} err 0
[18:36:48] go rep 2: post_message c=16 1053.8 rps p50 8.567 p99 83.455 {'200': 4236} err 0
[18:36:52] go rep 2: post_message c=64 1554.6 rps p50 27.807 p99 203.775 {'200': 6250} err 0
[18:36:53] go rep 2: done -> bench/results/elixir-rust-go-macos-m3-20261006/go-2.json
[18:37:53] load before run: 1.36 2.66 2.85 (waited 60s)
[18:37:53] rust rep 2: starting (load: 1.36 2.66 2.85)
[18:38:04] rust rep 2: cold start 677ms, idle 48MB (anon 46MB)
[18:38:11] rust rep 2: room_show c=1 389.6 rps p50 2.533 p99 2.957 {'200': 1559} err 0
[18:38:15] rust rep 2: room_show c=16 1567.5 rps p50 9.999 p99 18.335 {'200': 6285} err 0
[18:38:19] rust rep 2: room_show c=64 1581.6 rps p50 40.063 p99 71.871 {'200': 6385} err 0
[18:38:25] rust rep 2: messages_page c=1 754.5 rps p50 1.31 p99 1.55 {'200': 3019} err 0
[18:38:29] rust rep 2: messages_page c=16 3294.2 rps p50 4.763 p99 8.767 {'200': 13195} err 0
[18:38:33] rust rep 2: messages_page c=64 3300.1 rps p50 19.247 p99 32.959 {'200': 13271} err 0
[18:38:39] rust rep 2: sidebar c=1 1560.1 rps p50 0.635 p99 0.766 {'200': 6241} err 0
[18:38:43] rust rep 2: sidebar c=16 8442.9 rps p50 1.793 p99 3.909 {'200': 33789} err 0
[18:38:47] rust rep 2: sidebar c=64 9014.0 rps p50 6.951 p99 12.743 {'200': 36108} err 0
[18:38:53] rust rep 2: search c=1 785.1 rps p50 1.259 p99 1.487 {'200': 3141} err 0
[18:38:57] rust rep 2: search c=16 3668.7 rps p50 4.231 p99 7.895 {'200': 14693} err 0
[18:39:01] rust rep 2: search c=64 3621.9 rps p50 17.343 p99 31.567 {'200': 14549} err 0
[18:39:07] rust rep 2: avatar c=1 22123.0 rps p50 0.045 p99 0.054 {'200': 88494} err 0
[18:39:11] rust rep 2: avatar c=16 192300.2 rps p50 0.075 p99 0.182 {'200': 769282} err 0
[18:39:15] rust rep 2: avatar c=64 240183.3 rps p50 0.249 p99 0.562 {'200': 961103} err 0
[18:39:22] rust rep 2: static_css c=1 22772.8 rps p50 0.044 p99 0.053 {'200': 91093} err 0
[18:39:26] rust rep 2: static_css c=16 211569.5 rps p50 0.068 p99 0.171 {'200': 846452} err 0
[18:39:30] rust rep 2: static_css c=64 276524.5 rps p50 0.215 p99 0.513 {'200': 1106572} err 0
[18:39:36] rust rep 2: up c=1 11772.9 rps p50 0.084 p99 0.103 {'200': 47093} err 0
[18:39:40] rust rep 2: up c=16 84978.6 rps p50 0.179 p99 0.381 {'200': 339963} err 0
[18:39:44] rust rep 2: up c=64 87651.7 rps p50 0.685 p99 1.627 {'200': 350814} err 0
[18:39:50] rust rep 2: post_message c=1 1432.8 rps p50 0.691 p99 1.175 {'200': 5732} err 0
[18:39:54] rust rep 2: post_message c=16 4947.5 rps p50 2.841 p99 12.711 {'200': 19803} err 0
[18:39:58] rust rep 2: post_message c=64 5005.7 rps p50 11.711 p99 25.631 {'200': 20125} err 0
[18:39:59] rust rep 2: done -> bench/results/elixir-rust-go-macos-m3-20261006/rust-2.json
[18:41:09] load before run: 1.47 2.76 2.89 (waited 70s)
[18:41:09] elixir rep 2: starting (load: 1.47 2.76 2.89)
[18:41:21] elixir rep 2: cold start 1920ms, idle 166MB (anon 134MB)
[18:41:27] elixir rep 2: room_show c=1 4645.8 rps p50 0.205 p99 0.324 {'200': 18585} err 0
[18:41:31] elixir rep 2: room_show c=16 15690.5 rps p50 0.794 p99 4.127 {'200': 62800} err 0
[18:41:35] elixir rep 2: room_show c=64 17943.4 rps p50 3.047 p99 9.759 {'200': 71865} err 0
[18:41:41] elixir rep 2: messages_page c=1 5741.3 rps p50 0.163 p99 0.289 {'200': 22967} err 0
[18:41:45] elixir rep 2: messages_page c=16 25400.2 rps p50 0.542 p99 3.441 {'200': 101622} err 0
[18:41:49] elixir rep 2: messages_page c=64 25004.6 rps p50 2.115 p99 7.235 {'200': 100107} err 0
[18:41:56] elixir rep 2: sidebar c=1 6934.3 rps p50 0.139 p99 0.222 {'200': 27738} err 0
[18:42:00] elixir rep 2: sidebar c=16 32121.4 rps p50 0.42 p99 3.229 {'200': 128517} err 0
[18:42:04] elixir rep 2: sidebar c=64 33767.7 rps p50 1.554 p99 5.935 {'200': 135173} err 0
[18:42:10] elixir rep 2: search c=1 6574.9 rps p50 0.147 p99 0.223 {'200': 26301} err 0
[18:42:14] elixir rep 2: search c=16 26892.8 rps p50 0.505 p99 3.273 {'200': 107596} err 0
[18:42:18] elixir rep 2: search c=64 28449.3 rps p50 1.863 p99 6.847 {'200': 113897} err 0
[18:42:24] elixir rep 2: avatar c=1 14241.7 rps p50 0.073 p99 0.09 {'200': 56968} err 0
[18:42:28] elixir rep 2: avatar c=16 130353.6 rps p50 0.105 p99 0.34 {'200': 521545} err 0
[18:42:32] elixir rep 2: avatar c=64 172012.0 rps p50 0.326 p99 1.102 {'200': 688408} err 0
[18:42:38] elixir rep 2: static_css c=1 17864.2 rps p50 0.051 p99 0.083 {'200': 71459} err 0
[18:42:42] elixir rep 2: static_css c=16 137638.8 rps p50 0.1 p99 0.308 {'200': 550794} err 0
[18:42:46] elixir rep 2: static_css c=64 191184.7 rps p50 0.293 p99 0.981 {'200': 765098} err 0
[18:42:52] elixir rep 2: up c=1 13142.5 rps p50 0.073 p99 0.121 {'200': 52572} err 0
[18:42:56] elixir rep 2: up c=16 89324.1 rps p50 0.165 p99 0.444 {'200': 357358} err 0
[18:43:00] elixir rep 2: up c=64 92286.0 rps p50 0.643 p99 1.83 {'200': 369363} err 0
[18:43:06] elixir rep 2: post_message c=1 1166.4 rps p50 0.674 p99 7.619 {'200': 4666} err 0
[18:43:10] elixir rep 2: post_message c=16 2144.2 rps p50 5.691 p99 17.007 {'200': 8590} err 0
[18:43:14] elixir rep 2: post_message c=64 2036.2 rps p50 29.855 p99 47.935 {'200': 8205} err 0
[18:43:15] elixir rep 2: done -> bench/results/elixir-rust-go-macos-m3-20261006/elixir-2.json
[18:44:45] load before run: 1.34 3.12 3.10 (waited 90s)
[18:44:45] elixir rep 3: starting (load: 1.34 3.12 3.10)
[18:44:56] elixir rep 3: cold start 1165ms, idle 164MB (anon 132MB)
[18:45:03] elixir rep 3: room_show c=1 4682.9 rps p50 0.205 p99 0.325 {'200': 18732} err 0
[18:45:07] elixir rep 3: room_show c=16 18575.5 rps p50 0.741 p99 3.751 {'200': 74325} err 0
[18:45:11] elixir rep 3: room_show c=64 19569.4 rps p50 2.863 p99 8.295 {'200': 78376} err 0
[18:45:17] elixir rep 3: messages_page c=1 5908.1 rps p50 0.163 p99 0.249 {'200': 23633} err 0
[18:45:21] elixir rep 3: messages_page c=16 25237.8 rps p50 0.545 p99 3.427 {'200': 100978} err 0
[18:45:25] elixir rep 3: messages_page c=64 26192.1 rps p50 2.157 p99 6.339 {'200': 104848} err 0
[18:45:31] elixir rep 3: sidebar c=1 6928.9 rps p50 0.14 p99 0.215 {'200': 27717} err 0
[18:45:35] elixir rep 3: sidebar c=16 32790.8 rps p50 0.42 p99 3.005 {'200': 131196} err 0
[18:45:39] elixir rep 3: sidebar c=64 32859.0 rps p50 1.589 p99 6.031 {'200': 131530} err 0
[18:45:45] elixir rep 3: search c=1 6555.5 rps p50 0.147 p99 0.226 {'200': 26223} err 0
[18:45:49] elixir rep 3: search c=16 26789.9 rps p50 0.499 p99 3.315 {'200': 107218} err 0
[18:45:53] elixir rep 3: search c=64 27550.6 rps p50 1.84 p99 6.927 {'200': 110318} err 0
[18:45:59] elixir rep 3: avatar c=1 13923.8 rps p50 0.072 p99 0.088 {'200': 55697} err 0
[18:46:03] elixir rep 3: avatar c=16 132081.0 rps p50 0.104 p99 0.337 {'200': 528432} err 0
[18:46:07] elixir rep 3: avatar c=64 176310.3 rps p50 0.318 p99 1.079 {'200': 705592} err 0
[18:46:13] elixir rep 3: static_css c=1 18756.9 rps p50 0.049 p99 0.085 {'200': 75031} err 0
[18:46:17] elixir rep 3: static_css c=16 145667.7 rps p50 0.096 p99 0.286 {'200': 582799} err 0
[18:46:21] elixir rep 3: static_css c=64 182921.8 rps p50 0.301 p99 1.099 {'200': 732321} err 0
[18:46:27] elixir rep 3: up c=1 12998.4 rps p50 0.073 p99 0.114 {'200': 51995} err 0
[18:46:31] elixir rep 3: up c=16 77864.9 rps p50 0.172 p99 0.767 {'200': 311541} err 0
[18:46:36] elixir rep 3: up c=64 84637.7 rps p50 0.677 p99 1.929 {'200': 338744} err 0
[18:46:42] elixir rep 3: post_message c=1 1098.9 rps p50 0.685 p99 7.459 {'200': 4397} err 0
[18:46:46] elixir rep 3: post_message c=16 1864.9 rps p50 6.759 p99 18.191 {'200': 7474} err 0
[18:46:50] elixir rep 3: post_message c=64 1788.6 rps p50 34.815 p99 51.103 {'200': 7219} err 0
[18:46:50] elixir rep 3: done -> bench/results/elixir-rust-go-macos-m3-20261006/elixir-3.json
[18:48:20] load before run: 1.46 3.36 3.29 (waited 90s)
[18:48:20] rust rep 3: starting (load: 1.46 3.36 3.29)
[18:48:31] rust rep 3: cold start 315ms, idle 46MB (anon 44MB)
[18:48:37] rust rep 3: room_show c=1 392.4 rps p50 2.521 p99 2.961 {'200': 1570} err 0
[18:48:41] rust rep 3: room_show c=16 1565.6 rps p50 10.111 p99 18.159 {'200': 6276} err 0
[18:48:45] rust rep 3: room_show c=64 1552.9 rps p50 40.671 p99 75.199 {'200': 6270} err 0
[18:48:52] rust rep 3: messages_page c=1 747.0 rps p50 1.32 p99 1.683 {'200': 2989} err 0
[18:48:56] rust rep 3: messages_page c=16 3335.6 rps p50 4.683 p99 8.655 {'200': 13356} err 0
[18:49:00] rust rep 3: messages_page c=64 3382.4 rps p50 18.751 p99 32.799 {'200': 13592} err 0
[18:49:06] rust rep 3: sidebar c=1 1538.3 rps p50 0.644 p99 0.772 {'200': 6154} err 0
[18:49:10] rust rep 3: sidebar c=16 8265.7 rps p50 1.843 p99 3.875 {'200': 33079} err 0
[18:49:14] rust rep 3: sidebar c=64 8448.6 rps p50 7.391 p99 13.847 {'200': 33863} err 0
[18:49:20] rust rep 3: search c=1 787.8 rps p50 1.257 p99 1.479 {'200': 3152} err 0
[18:49:24] rust rep 3: search c=16 3638.8 rps p50 4.275 p99 7.959 {'200': 14572} err 0
[18:49:28] rust rep 3: search c=64 3771.4 rps p50 16.847 p99 28.367 {'200': 15144} err 0
[18:49:34] rust rep 3: avatar c=1 21982.9 rps p50 0.045 p99 0.059 {'200': 87935} err 0
[18:49:38] rust rep 3: avatar c=16 189226.4 rps p50 0.076 p99 0.189 {'200': 756969} err 0
[18:49:42] rust rep 3: avatar c=64 227191.0 rps p50 0.262 p99 0.625 {'200': 909279} err 0
[18:49:48] rust rep 3: static_css c=1 22752.0 rps p50 0.044 p99 0.053 {'200': 91010} err 0
[18:49:52] rust rep 3: static_css c=16 208835.7 rps p50 0.069 p99 0.177 {'200': 835479} err 0
[18:49:56] rust rep 3: static_css c=64 266874.1 rps p50 0.223 p99 0.528 {'200': 1067885} err 0
[18:50:02] rust rep 3: up c=1 11901.7 rps p50 0.082 p99 0.107 {'200': 47608} err 0
[18:50:06] rust rep 3: up c=16 79111.0 rps p50 0.189 p99 0.441 {'200': 316500} err 0
[18:50:10] rust rep 3: up c=64 82527.6 rps p50 0.726 p99 1.777 {'200': 330281} err 0
[18:50:16] rust rep 3: post_message c=1 1392.0 rps p50 0.706 p99 1.203 {'200': 5568} err 0
[18:50:20] rust rep 3: post_message c=16 4852.9 rps p50 2.963 p99 13.143 {'200': 19427} err 0
[18:50:24] rust rep 3: post_message c=64 4821.6 rps p50 12.367 p99 25.615 {'200': 19339} err 0
[18:50:25] rust rep 3: done -> bench/results/elixir-rust-go-macos-m3-20261006/rust-3.json
[18:52:05] load before run: 1.49 3.24 3.32 (waited 100s)
[18:52:05] go rep 3: starting (load: 1.49 3.24 3.32)
[18:52:16] go rep 3: cold start 481ms, idle 13MB (anon 11MB)
[18:52:22] go rep 3: room_show c=1 1015.5 rps p50 0.959 p99 1.51 {'200': 4063} err 0
[18:52:26] go rep 3: room_show c=16 3815.1 rps p50 3.411 p99 13.239 {'200': 15274} err 0
[18:52:31] go rep 3: room_show c=64 3761.4 rps p50 15.783 p99 44.511 {'200': 15107} err 0
[18:52:37] go rep 3: messages_page c=1 1263.3 rps p50 0.774 p99 1.205 {'200': 5054} err 0
[18:52:41] go rep 3: messages_page c=16 4824.5 rps p50 2.755 p99 10.631 {'200': 19314} err 0
[18:52:45] go rep 3: messages_page c=64 3705.2 rps p50 12.799 p99 83.135 {'200': 14892} err 0
[18:52:51] go rep 3: sidebar c=1 4117.1 rps p50 0.224 p99 0.582 {'200': 16470} err 0
[18:52:55] go rep 3: sidebar c=16 13351.0 rps p50 1.058 p99 3.345 {'200': 53430} err 0
[18:52:59] go rep 3: sidebar c=64 13730.0 rps p50 4.459 p99 9.423 {'200': 54983} err 0
[18:53:05] go rep 3: search c=1 1753.4 rps p50 0.542 p99 1.04 {'200': 7014} err 0
[18:53:09] go rep 3: search c=16 6039.5 rps p50 2.057 p99 8.703 {'200': 24169} err 0
[18:53:13] go rep 3: search c=64 6411.6 rps p50 9.503 p99 22.367 {'200': 25701} err 0
[18:53:19] go rep 3: avatar c=1 16999.2 rps p50 0.056 p99 0.099 {'200': 67998} err 0
[18:53:23] go rep 3: avatar c=16 116130.1 rps p50 0.115 p99 0.485 {'200': 464592} err 0
[18:53:27] go rep 3: avatar c=64 137535.2 rps p50 0.339 p99 2.371 {'200': 550370} err 0
[18:53:33] go rep 3: static_css c=1 21278.2 rps p50 0.047 p99 0.076 {'200': 85114} err 0
[18:53:37] go rep 3: static_css c=16 166842.2 rps p50 0.078 p99 0.343 {'200': 667463} err 0
[18:53:41] go rep 3: static_css c=64 206529.4 rps p50 0.24 p99 1.507 {'200': 826392} err 0
[18:53:47] go rep 3: up c=1 15980.8 rps p50 0.061 p99 0.095 {'200': 63925} err 0
[18:53:51] go rep 3: up c=16 111557.6 rps p50 0.11 p99 0.642 {'200': 446282} err 0
[18:53:55] go rep 3: up c=64 120867.5 rps p50 0.382 p99 2.487 {'200': 483754} err 0
[18:54:01] go rep 3: post_message c=1 1600.4 rps p50 0.444 p99 8.287 {'200': 6402} err 0
[18:54:05] go rep 3: post_message c=16 3233.9 rps p50 2.253 p99 19.791 {'200': 12954} err 0
[18:54:09] go rep 3: post_message c=64 3221.4 rps p50 15.927 p99 87.871 {'200': 12979} err 0
[18:54:10] go rep 3: done -> bench/results/elixir-rust-go-macos-m3-20261006/go-3.json
[18:55:10] load before run: 1.49 2.96 3.23 (waited 60s)
[18:55:10] reference rep 3: starting (load: 1.49 2.96 3.23)
[18:55:21] reference rep 3: cold start 437ms, idle 17MB (anon 15MB)
[18:55:27] reference rep 3: room_show c=1 6427.9 rps p50 0.151 p99 0.214 {'200': 25713} err 0
[18:55:31] reference rep 3: room_show c=16 23859.8 rps p50 0.623 p99 1.478 {'200': 95456} err 0
[18:55:35] reference rep 3: room_show c=64 23790.5 rps p50 2.561 p99 5.483 {'200': 95222} err 0
[18:55:41] reference rep 3: messages_page c=1 7037.5 rps p50 0.139 p99 0.179 {'200': 28151} err 0
[18:55:45] reference rep 3: messages_page c=16 25759.3 rps p50 0.581 p99 1.303 {'200': 103051} err 0
[18:55:50] reference rep 3: messages_page c=64 25258.7 rps p50 2.435 p99 4.823 {'200': 101093} err 0
[18:55:56] reference rep 3: sidebar c=1 6247.9 rps p50 0.157 p99 0.203 {'200': 24993} err 0
[18:56:00] reference rep 3: sidebar c=16 24548.1 rps p50 0.608 p99 1.426 {'200': 98208} err 0
[18:56:04] reference rep 3: sidebar c=64 24194.6 rps p50 2.527 p99 5.259 {'200': 96835} err 0
[18:56:10] reference rep 3: search c=1 5554.5 rps p50 0.177 p99 0.221 {'200': 22219} err 0
[18:56:14] reference rep 3: search c=16 23499.3 rps p50 0.64 p99 1.375 {'200': 94010} err 0
[18:56:18] reference rep 3: search c=64 27314.7 rps p50 2.243 p99 4.239 {'200': 109327} err 0
[18:56:24] reference rep 3: avatar c=1 22124.3 rps p50 0.045 p99 0.061 {'200': 88499} err 0
[18:56:28] reference rep 3: avatar c=16 184263.7 rps p50 0.078 p99 0.199 {'200': 737153} err 0
[18:56:32] reference rep 3: avatar c=64 227954.3 rps p50 0.262 p99 0.606 {'200': 912164} err 0
[18:56:38] reference rep 3: static_css c=1 22856.8 rps p50 0.043 p99 0.059 {'200': 91429} err 0
[18:56:42] reference rep 3: static_css c=16 177642.4 rps p50 0.079 p99 0.244 {'200': 710640} err 0
[18:56:46] reference rep 3: static_css c=64 261433.4 rps p50 0.228 p99 0.537 {'200': 1046101} err 0
[18:56:52] reference rep 3: up c=1 17018.5 rps p50 0.058 p99 0.086 {'200': 68075} err 0
[18:56:56] reference rep 3: up c=16 133710.3 rps p50 0.108 p99 0.266 {'200': 534894} err 0
[18:57:00] reference rep 3: up c=64 177350.1 rps p50 0.34 p99 0.755 {'200': 709652} err 0
[18:57:06] reference rep 3: post_message c=1 2478.7 rps p50 0.375 p99 0.761 {'200': 9933} err 0
[18:57:10] reference rep 3: post_message c=16 4839.6 rps p50 2.905 p99 13.487 {'200': 19371} err 0
[18:57:14] reference rep 3: post_message c=64 4846.9 rps p50 12.287 p99 25.695 {'200': 19435} err 0
[18:57:15] reference rep 3: done -> bench/results/elixir-rust-go-macos-m3-20261006/reference-3.json
```
date: 2026-10-05T18:16:42+00:00
host: 7.0.12-linuxkit, , 8 threads, 7GB
server cpus: 0-3 (nproc 4); loadgen cpus: 4-7; network: host
env: WEB_CONCURRENCY=3 JOB_CONCURRENCY=3 RAILS_MAX_THREADS=5 
seed sha256: 58e6bb4498a188b33a52bbb79d82499d96a531f9afb9fc736a801532ddba1817  /Users/lau/oss/once-campfire-rust/parity/.seed/default/db/production.sqlite3
elixir source digest: f84778bedf993cde9028c8846023cf3a19278a1946728e618f1167ebf6435f9a
rust extra env: 
workload: suites=http HTTP_SECS=4 HTTP_CONCS=1 16 64 CABLE_CLIENTS=100 500 1000 CABLE_TPUT_SECS=15 CABLE_POSTERS=4 UPLOAD_REPS=5 REPS=3
request logging (LOG_REQUESTS): false
parity ledger gate: skipped; runner: bench/docker-desktop
quiet wait: LOAD_MAX=1.5 LOAD_WAIT_SECS=120
user agent: (none)
elixir image: campfire-elixir:further-perf-r4 sha256:cd37417bb02555adcf86fbc4c1932f630f288c27e5c8a76f9dd2ec9ac98c27eb 2026-10-05T17:23:57.721164471Z unpacked_bytes=1705222560
rust image: campfire-rust:3fe9f61 sha256:6b56cc579ca1362b9651cc59933d3dc0f3c0cbb2b49c7ee6ab6dc7b0d395b860 2026-10-05T18:13:16.610350049Z unpacked_bytes=619399397
go image: once-campfire-go:8d2f7f2 sha256:4654ab6308b7831aa074ad4fe00a81570d0fb43bb047d75cf3878d419cd18f22 2026-10-05T18:16:14.146523381Z unpacked_bytes=179148001
reference image: campfire-rust:ccece30 sha256:2993c03eefb666f750443b4baea0141557e02c149804e6a816373ae98ba641a2 2026-10-05T05:09:04.1517528Z unpacked_bytes=185767929
go HEAD: 8d2f7f24f56dac87dba0211b68b14d9e21e4b516 (dirty: 0 files)
rust HEAD: 64f8635 (dirty: 0 files)
```

Reps: reference 3, elixir 3, go 3, rust 3. Cells: median [min–max].

### Startup and memory

| Metric | Rails | Elixir | Go | Rust | Rust advantage over Elixir |
|---|---|---|---|---|---|
| cold start: docker run → /up 200 (ms) | 283 [265–437] | 1,253 [1,165–1,920] | 224 [215–481] | 315 [266–677] | 4.0× |
| idle memory.current (MiB) | 17.0 [17.0–17.0] | 164 [162–166] | 13.0 [13.0–15.0] | 46.0 [46.0–48.0] | 3.6× |
| idle anon (MiB) | 15.0 [14.0–15.0] | 132 [126–134] | 11.0 [11.0–13.0] | 44.0 [44.0–46.0] | 3.0× |
| peak memory.current under load (MiB) | 169 [165–170] | 405 [403–410] | 178 [171–179] | 270 [268–280] | 1.5× |
| peak anon under load (MiB) | 102 [101–102] | 360 [353–363] | 124 [121–125] | 175 [174–177] | 2.1× |

### HTTP (signed in as david; keep-alive; c = concurrent connections)

| Metric | Rails | Elixir | Go | Rust | Rust advantage over Elixir |
|---|---|---|---|---|---|
| room_show c=1 req/s | 6,825 [6,428–6,919] | 4,683 [4,646–4,740] | 1,045 [1,016–1,052] | 390 [306–392] | 0.1× |
| room_show c=1 p50 ms | 0.15 [0.14–0.15] | 0.20 [0.20–0.20] | 0.93 [0.92–0.96] | 2.53 [2.52–2.85] | 0.1× |
| room_show c=1 p99 ms | 0.18 [0.18–0.21] | 0.32 [0.30–0.33] | 1.46 [1.39–1.51] | 2.96 [2.96–10.41] | 0.1× |
| room_show c=1 CPU µs/success | 128 [125–137] | 281 [278–287] | 1,014 [1,007–1,042] | 2,477 [2,453–3,118] | 0.1× |
| room_show c=16 req/s | 26,796 [23,860–27,356] | 17,237 [15,690–18,576] | 4,010 [3,815–4,176] | 1,566 [1,200–1,568] | 0.1× |
| room_show c=16 p50 ms | 0.56 [0.55–0.62] | 0.79 [0.74–0.79] | 3.32 [3.07–3.41] | 10.1 [10.0–12.1] | 0.1× |
| room_show c=16 p99 ms | 1.28 [1.19–1.48] | 3.78 [3.75–4.13] | 12.8 [12.3–13.2] | 18.3 [18.2–36.2] | 0.2× |
| room_show c=16 CPU µs/success | 130 [127–144] | 228 [212–247] | 986 [947–1,031] | 2,471 [2,401–3,153] | 0.1× |
| room_show c=64 req/s | 26,737 [23,790–26,904] | 17,943 [17,406–19,569] | 3,863 [3,761–3,920] | 1,566 [1,553–1,582] | 0.1× |
| room_show c=64 p50 ms | 2.30 [2.27–2.56] | 3.05 [2.86–3.18] | 15.3 [14.8–15.8] | 40.5 [40.1–40.7] | 0.1× |
| room_show c=64 p99 ms | 4.79 [4.65–5.48] | 9.76 [8.29–10.68] | 44.5 [42.8–52.9] | 74.2 [71.9–75.2] | 0.1× |
| room_show c=64 CPU µs/success | 131 [131–145] | 217 [199–225] | 1,021 [1,005–1,049] | 2,436 [2,390–2,513] | 0.1× |
| messages_page c=1 req/s | 7,060 [7,038–7,159] | 5,741 [5,687–5,908] | 1,273 [1,263–1,283] | 753 [747–754] | 0.1× |
| messages_page c=1 p50 ms | 0.14 [0.14–0.14] | 0.16 [0.16–0.16] | 0.77 [0.76–0.77] | 1.31 [1.31–1.32] | 0.1× |
| messages_page c=1 p99 ms | 0.18 [0.17–0.20] | 0.29 [0.25–0.47] | 1.21 [1.18–1.21] | 1.57 [1.55–1.68] | 0.2× |
| messages_page c=1 CPU µs/success | 128 [127–129] | 250 [239–268] | 826 [821–835] | 1,237 [1,232–1,241] | 0.2× |
| messages_page c=16 req/s | 28,335 [25,759–28,391] | 25,238 [20,672–25,400] | 4,883 [4,824–5,162] | 3,294 [3,261–3,336] | 0.1× |
| messages_page c=16 p50 ms | 0.54 [0.53–0.58] | 0.55 [0.54–0.61] | 2.48 [2.36–2.75] | 4.75 [4.68–4.76] | 0.1× |
| messages_page c=16 p99 ms | 1.15 [1.15–1.30] | 3.44 [3.43–3.74] | 10.6 [9.8–10.7] | 8.77 [8.65–9.13] | 0.4× |
| messages_page c=16 CPU µs/success | 121 [121–131] | 157 [155–184] | 812 [768–818] | 1,096 [1,070–1,121] | 0.1× |
| messages_page c=64 req/s | 28,358 [25,259–28,881] | 25,005 [22,134–26,192] | 5,003 [3,705–5,063] | 3,350 [3,300–3,382] | 0.1× |
| messages_page c=64 p50 ms | 2.18 [2.13–2.44] | 2.16 [2.12–2.29] | 10.4 [9.8–12.8] | 18.9 [18.8–19.2] | 0.1× |
| messages_page c=64 p99 ms | 4.19 [4.14–4.82] | 7.24 [6.34–10.11] | 52.7 [44.4–83.1] | 32.8 [32.8–33.0] | 0.2× |
| messages_page c=64 CPU µs/success | 121 [120–135] | 158 [151–176] | 791 [782–1,057] | 1,100 [1,097–1,134] | 0.1× |
| sidebar c=1 req/s | 6,340 [6,248–6,358] | 6,929 [6,521–6,934] | 4,287 [4,117–4,441] | 1,538 [1,534–1,560] | 0.2× |
| sidebar c=1 p50 ms | 0.15 [0.15–0.16] | 0.14 [0.14–0.14] | 0.22 [0.22–0.23] | 0.64 [0.64–0.64] | 0.2× |
| sidebar c=1 p99 ms | 0.19 [0.18–0.20] | 0.22 [0.21–0.36] | 0.45 [0.42–0.58] | 0.77 [0.75–0.77] | 0.3× |
| sidebar c=1 CPU µs/success | 143 [143–145] | 219 [216–220] | 259 [244–272] | 576 [570–577] | 0.4× |
| sidebar c=16 req/s | 27,538 [24,548–27,671] | 32,121 [25,700–32,791] | 13,940 [13,351–14,940] | 8,385 [8,266–8,443] | 0.3× |
| sidebar c=16 p50 ms | 0.55 [0.55–0.61] | 0.42 [0.42–0.48] | 1.04 [0.97–1.06] | 1.81 [1.79–1.84] | 0.2× |
| sidebar c=16 p99 ms | 1.21 [1.18–1.43] | 3.23 [3.00–3.48] | 2.93 [2.69–3.35] | 3.88 [3.82–3.91] | 0.8× |
| sidebar c=16 CPU µs/success | 126 [125–139] | 122 [121–149] | 244 [232–263] | 423 [419–439] | 0.3× |
| sidebar c=64 req/s | 27,557 [24,195–27,662] | 32,859 [28,085–33,768] | 13,730 [12,791–14,661] | 8,621 [8,449–9,014] | 0.3× |
| sidebar c=64 p50 ms | 2.22 [2.22–2.53] | 1.59 [1.55–1.65] | 4.46 [4.13–4.73] | 7.24 [6.95–7.39] | 0.2× |
| sidebar c=64 p99 ms | 4.62 [4.51–5.26] | 6.03 [5.93–8.70] | 9.42 [9.27–10.49] | 13.8 [12.7–13.8] | 0.4× |
| sidebar c=64 CPU µs/success | 126 [126–142] | 120 [117–138] | 262 [241–267] | 433 [414–448] | 0.3× |
| search c=1 req/s | 5,557 [5,554–5,580] | 6,556 [5,945–6,575] | 1,897 [1,753–1,900] | 785 [781–788] | 0.1× |
| search c=1 p50 ms | 0.18 [0.18–0.18] | 0.15 [0.15–0.15] | 0.51 [0.51–0.54] | 1.26 [1.26–1.27] | 0.1× |
| search c=1 p99 ms | 0.22 [0.21–0.22] | 0.23 [0.22–0.51] | 0.95 [0.93–1.04] | 1.48 [1.47–1.49] | 0.2× |
| search c=1 CPU µs/success | 154 [153–155] | 221 [216–231] | 585 [577–631] | 1,177 [1,171–1,184] | 0.2× |
| search c=16 req/s | 25,488 [23,499–25,655] | 26,790 [22,166–26,893] | 7,284 [6,040–7,333] | 3,669 [3,639–3,671] | 0.1× |
| search c=16 p50 ms | 0.59 [0.59–0.64] | 0.51 [0.50–0.56] | 1.73 [1.72–2.06] | 4.24 [4.23–4.28] | 0.1× |
| search c=16 p99 ms | 1.29 [1.25–1.38] | 3.31 [3.27–3.73] | 7.25 [7.05–8.70] | 7.89 [7.78–7.96] | 0.4× |
| search c=16 CPU µs/success | 125 [125–136] | 146 [146–170] | 533 [532–642] | 991 [981–1,020] | 0.1× |
| search c=64 req/s | 27,315 [26,764–28,503] | 27,551 [23,805–28,449] | 6,412 [5,731–6,988] | 3,622 [3,438–3,771] | 0.1× |
| search c=64 p50 ms | 2.24 [2.11–2.26] | 1.86 [1.84–2.03] | 9.50 [8.61–10.21] | 17.3 [16.8–18.0] | 0.1× |
| search c=64 p99 ms | 4.45 [4.24–4.53] | 6.93 [6.85–9.40] | 22.4 [22.4–30.4] | 31.6 [28.4–36.7] | 0.2× |
| search c=64 CPU µs/success | 130 [123–132] | 142 [138–162] | 607 [555–671] | 1,017 [1,011–1,089] | 0.1× |
| avatar c=1 req/s | 22,624 [22,124–22,821] | 14,242 [13,924–16,369] | 16,999 [16,866–17,051] | 21,983 [21,428–22,123] | 1.5× |
| avatar c=1 p50 ms | 0.04 [0.04–0.04] | 0.07 [0.05–0.07] | 0.06 [0.06–0.06] | 0.04 [0.04–0.04] | 1.6× |
| avatar c=1 p99 ms | 0.06 [0.06–0.07] | 0.09 [0.09–0.15] | 0.10 [0.09–0.10] | 0.06 [0.05–0.08] | 1.5× |
| avatar c=1 CPU µs/success | 24.1 [24.0–24.5] | 49.5 [46.4–57.0] | 46.6 [46.5–47.3] | 25.1 [25.0–25.9] | 2.0× |
| avatar c=16 req/s | 193,502 [184,264–195,359] | 130,354 [102,813–132,081] | 119,947 [116,130–123,654] | 189,226 [185,559–192,300] | 1.5× |
| avatar c=16 p50 ms | 0.07 [0.07–0.08] | 0.10 [0.10–0.12] | 0.11 [0.11–0.12] | 0.08 [0.07–0.08] | 1.4× |
| avatar c=16 p99 ms | 0.18 [0.18–0.20] | 0.34 [0.34–0.58] | 0.47 [0.45–0.48] | 0.19 [0.18–0.20] | 1.8× |
| avatar c=16 CPU µs/success | 13.3 [13.0–13.4] | 26.2 [25.8–29.4] | 24.1 [23.2–24.7] | 13.3 [13.3–13.4] | 2.0× |
| avatar c=64 req/s | 231,003 [227,954–243,990] | 172,012 [159,534–176,310] | 145,879 [137,535–148,363] | 231,644 [227,191–240,183] | 1.3× |
| avatar c=64 p50 ms | 0.25 [0.25–0.26] | 0.33 [0.32–0.34] | 0.33 [0.32–0.34] | 0.26 [0.25–0.26] | 1.3× |
| avatar c=64 p99 ms | 0.61 [0.56–0.66] | 1.10 [1.08–1.28] | 2.17 [2.10–2.37] | 0.60 [0.56–0.62] | 1.8× |
| avatar c=64 CPU µs/success | 13.3 [13.1–13.5] | 22.8 [22.4–24.3] | 23.2 [22.9–24.5] | 13.6 [13.5–13.7] | 1.7× |
| static_css c=1 req/s | 22,942 [22,857–22,977] | 18,757 [17,864–19,267] | 21,201 [21,147–21,278] | 22,773 [22,752–22,998] | 1.2× |
| static_css c=1 p50 ms | 0.04 [0.04–0.04] | 0.05 [0.05–0.05] | 0.05 [0.05–0.05] | 0.04 [0.04–0.04] | 1.1× |
| static_css c=1 p99 ms | 0.06 [0.05–0.06] | 0.08 [0.08–0.09] | 0.07 [0.07–0.08] | 0.05 [0.05–0.06] | 1.6× |
| static_css c=1 CPU µs/success | 24.0 [23.9–24.2] | 55.3 [55.1–56.3] | 41.4 [41.1–41.6] | 24.3 [24.3–24.6] | 2.3× |
| static_css c=16 req/s | 209,521 [177,642–216,792] | 137,639 [132,204–145,668] | 166,842 [127,253–176,880] | 210,104 [208,836–211,570] | 1.5× |
| static_css c=16 p50 ms | 0.07 [0.07–0.08] | 0.10 [0.10–0.10] | 0.08 [0.07–0.08] | 0.07 [0.07–0.07] | 1.4× |
| static_css c=16 p99 ms | 0.18 [0.17–0.24] | 0.31 [0.29–0.32] | 0.34 [0.32–0.67] | 0.17 [0.17–0.18] | 1.8× |
| static_css c=16 CPU µs/success | 12.1 [11.8–13.7] | 23.9 [23.5–24.5] | 17.1 [16.0–20.4] | 12.1 [12.0–12.2] | 2.0× |
| static_css c=64 req/s | 279,470 [261,433–280,738] | 182,922 [172,106–191,185] | 206,529 [174,028–216,679] | 276,524 [266,874–278,040] | 1.5× |
| static_css c=64 p50 ms | 0.21 [0.21–0.23] | 0.30 [0.29–0.31] | 0.24 [0.23–0.25] | 0.22 [0.21–0.22] | 1.4× |
| static_css c=64 p99 ms | 0.49 [0.49–0.54] | 1.10 [0.98–1.23] | 1.51 [1.43–1.97] | 0.51 [0.49–0.53] | 2.1× |
| static_css c=64 CPU µs/success | 12.0 [11.9–12.2] | 21.5 [20.6–22.5] | 16.4 [15.7–17.7] | 12.0 [12.0–12.3] | 1.8× |
| up c=1 req/s | 16,932 [16,889–17,018] | 12,998 [10,966–13,142] | 15,981 [3,469–16,108] | 11,773 [11,475–11,902] | 0.9× |
| up c=1 p50 ms | 0.06 [0.06–0.06] | 0.07 [0.07–0.09] | 0.06 [0.06–0.06] | 0.08 [0.08–0.09] | 0.9× |
| up c=1 p99 ms | 0.07 [0.07–0.09] | 0.12 [0.11–0.12] | 0.10 [0.09–1.62] | 0.11 [0.10–0.11] | 1.1× |
| up c=1 CPU µs/success | 34.9 [34.9–35.2] | 78.8 [71.8–79.7] | 53.2 [52.6–238.2] | 60.1 [59.4–61.2] | 1.3× |
| up c=16 req/s | 142,937 [133,710–145,853] | 84,996 [77,865–89,324] | 111,558 [27,665–122,862] | 84,032 [79,111–84,979] | 1.0× |
| up c=16 p50 ms | 0.10 [0.10–0.11] | 0.17 [0.17–0.17] | 0.11 [0.10–0.19] | 0.18 [0.18–0.19] | 0.9× |
| up c=16 p99 ms | 0.24 [0.23–0.27] | 0.52 [0.44–0.77] | 0.64 [0.56–3.89] | 0.39 [0.38–0.44] | 1.3× |
| up c=16 CPU µs/success | 22.0 [21.5–22.7] | 44.0 [43.7–48.0] | 32.3 [29.6–87.8] | 46.2 [45.8–48.7] | 1.0× |
| up c=64 req/s | 183,972 [177,350–188,643] | 88,819 [84,638–92,286] | 120,868 [76,812–131,273] | 83,972 [82,528–87,652] | 0.9× |
| up c=64 p50 ms | 0.33 [0.32–0.34] | 0.66 [0.64–0.68] | 0.38 [0.36–0.55] | 0.71 [0.69–0.73] | 0.9× |
| up c=64 p99 ms | 0.75 [0.70–0.76] | 1.90 [1.83–1.93] | 2.49 [2.25–4.52] | 1.72 [1.63–1.78] | 1.1× |
| up c=64 CPU µs/success | 20.1 [19.8–20.8] | 44.7 [43.1–47.1] | 30.9 [28.8–45.2] | 46.9 [45.1–47.6] | 1.0× |
| post_message c=1 req/s | 2,545 [2,479–2,562] | 1,099 [942–1,166] | 1,600 [519–1,798] | 1,411 [1,392–1,433] | 1.3× |
| post_message c=1 p50 ms | 0.37 [0.37–0.38] | 0.69 [0.67–0.78] | 0.44 [0.42–0.97] | 0.70 [0.69–0.71] | 1.0× |
| post_message c=1 p99 ms | 0.76 [0.72–0.80] | 7.46 [7.38–7.62] | 8.29 [6.28–19.92] | 1.19 [1.18–1.20] | 6.3× |
| post_message c=1 CPU µs/success | 436 [435–444] | 1,825 [1,733–2,068] | 565 [531–1,926] | 701 [692–705] | 2.6× |
| post_message c=16 req/s | 6,101 [4,840–6,308] | 1,995 [1,865–2,144] | 3,234 [1,054–3,922] | 4,948 [4,853–5,035] | 2.5× |
| post_message c=16 p50 ms | 2.35 [2.28–2.90] | 6.34 [5.69–6.76] | 2.25 [2.08–8.57] | 2.89 [2.84–2.96] | 2.2× |
| post_message c=16 p99 ms | 9.50 [9.29–13.49] | 17.7 [17.0–18.2] | 19.8 [15.5–83.5] | 12.7 [10.9–13.1] | 1.4× |
| post_message c=16 CPU µs/success | 431 [417–532] | 1,461 [1,323–1,541] | 541 [496–2,191] | 590 [585–605] | 2.5× |
| post_message c=64 req/s | 6,028 [4,847–6,237] | 1,932 [1,789–2,036] | 3,221 [1,555–3,987] | 4,822 [4,684–5,006] | 2.5× |
| post_message c=64 p50 ms | 9.76 [9.53–12.29] | 31.5 [29.9–34.8] | 15.9 [12.8–27.8] | 12.4 [11.7–12.4] | 2.5× |
| post_message c=64 p99 ms | 20.6 [19.4–25.7] | 51.1 [47.9–53.8] | 87.9 [69.0–203.8] | 25.6 [25.6–34.7] | 2.0× |
| post_message c=64 CPU µs/success | 439 [424–536] | 1,509 [1,378–1,585] | 559 [493–1,451] | 620 [597–625] | 2.4× |

### HTTP errors / non-2xx-3xx (first rep, per app)

| Metric | Rails | Elixir | Go | Rust | Rust advantage over Elixir |
|---|---|---|---|---|---|
- reference: none
- elixir: none
- go: none
- rust: none

### Action Cable fan-out (one room; chatter.js subscriptions per client)

| Metric | Rails | Elixir | Go | Rust | Rust advantage over Elixir |
|---|---|---|---|---|---|

### Upload + thumbnail (black_hole.jpg, 505 KB)

| Metric | Rails | Elixir | Go | Rust | Rust advantage over Elixir |
|---|---|---|---|---|---|
| POST with attachment (ms) | – | – | – | – | – |
| then GET thumb → 200 (ms) | – | – | – | – | – |
| POST → thumbnail served (ms) | – | – | – | – | – |

### Memory during cable fan-out, by process (MiB, peak within the phase)

App process: Elixir BEAM; Rails Puma master/workers when included;
Go/Rust's integrated campfire processes. Serving totals include native helpers, Redis and Thruster.
PSS apportions shared pages; RssAnon counts them in each process.

| Metric | Rails | Elixir | Go | Rust | Rust advantage over Elixir |
|---|---|---|---|---|---|
EXIT 0
