18:16:43 elixir rep 1 start:  18:16:43 up 2 days, 13:48,  0 users,  load average: 3.60, 3.34, 2.56
18:19:49 elixir rep 1 end:    18:19:49 up 2 days, 13:52,  0 users,  load average: 5.95, 4.19, 2.98
18:19:49 rust rep 1 start:  18:19:49 up 2 days, 13:52,  0 users,  load average: 5.95, 4.19, 2.98
18:23:24 rust rep 1 end:    18:23:24 up 2 days, 13:55,  0 users,  load average: 6.08, 4.22, 3.16
18:23:24 go rep 1 start:  18:23:24 up 2 days, 13:55,  0 users,  load average: 6.08, 4.22, 3.16
18:26:58 go rep 1 end:    18:26:58 up 2 days, 13:59,  0 users,  load average: 4.04, 3.51, 3.03
18:26:58 reference rep 1 start:  18:26:58 up 2 days, 13:59,  0 users,  load average: 4.04, 3.51, 3.03
18:30:03 reference rep 1 end:    18:30:03 up 2 days, 14:02,  0 users,  load average: 4.37, 3.47, 3.06
18:30:03 reference rep 2 start:  18:30:03 up 2 days, 14:02,  0 users,  load average: 4.37, 3.47, 3.06
18:33:17 reference rep 2 end:    18:33:17 up 2 days, 14:05,  0 users,  load average: 5.22, 3.60, 3.13
18:33:17 go rep 2 start:  18:33:17 up 2 days, 14:05,  0 users,  load average: 5.22, 3.60, 3.13
18:36:53 go rep 2 end:    18:36:53 up 2 days, 14:09,  0 users,  load average: 3.70, 3.26, 3.04
18:36:53 rust rep 2 start:  18:36:53 up 2 days, 14:09,  0 users,  load average: 3.70, 3.26, 3.04
18:39:59 rust rep 2 end:    18:39:59 up 2 days, 14:12,  0 users,  load average: 4.75, 3.50, 3.13
18:39:59 elixir rep 2 start:  18:39:59 up 2 days, 14:12,  0 users,  load average: 4.75, 3.50, 3.13
18:43:15 elixir rep 2 end:    18:43:15 up 2 days, 14:15,  0 users,  load average: 5.88, 4.21, 3.42
18:43:15 elixir rep 3 start:  18:43:15 up 2 days, 14:15,  0 users,  load average: 5.88, 4.21, 3.42
18:46:50 elixir rep 3 end:    18:46:50 up 2 days, 14:19,  0 users,  load average: 6.55, 4.55, 3.63
18:46:50 rust rep 3 start:  18:46:50 up 2 days, 14:19,  0 users,  load average: 6.55, 4.55, 3.63
18:50:25 rust rep 3 end:    18:50:25 up 2 days, 14:22,  0 users,  load average: 6.53, 4.41, 3.67
18:50:25 go rep 3 start:  18:50:25 up 2 days, 14:22,  0 users,  load average: 6.53, 4.41, 3.67
18:54:10 go rep 3 end:    18:54:10 up 2 days, 14:26,  0 users,  load average: 4.06, 3.62, 3.45
18:54:10 reference rep 3 start:  18:54:10 up 2 days, 14:26,  0 users,  load average: 4.06, 3.62, 3.45
18:57:15 reference rep 3 end:    18:57:15 up 2 days, 14:29,  0 users,  load average: 4.90, 3.58, 3.41
