Finding suitable PLTs
Checking PLT...
[:asn1, :bandit, :bcrypt_elixir, :campfire, :comeonin, :compiler, :crypto, :db_connection, :eex, :elixir, :exqlite, :floki, :hpax, :inets, :jason, :kernel, :logger, :mime, :nimble_options, :plug, :plug_crypto, :public_key, :qqr, :redix, :ssl, :stdlib, :telemetry, :thousand_island, :websock]
Looking up modules in dialyxir_erlang-29.1.1_elixir-1.20.4_deps-dev.plt
Looking up modules in dialyxir_erlang-29.1.1_elixir-1.20.4.plt
Finding applications for dialyxir_erlang-29.1.1_elixir-1.20.4.plt
Finding modules for dialyxir_erlang-29.1.1_elixir-1.20.4.plt
Checking 494 modules in dialyxir_erlang-29.1.1_elixir-1.20.4.plt
Finding applications for dialyxir_erlang-29.1.1_elixir-1.20.4_deps-dev.plt
Finding modules for dialyxir_erlang-29.1.1_elixir-1.20.4_deps-dev.plt
Copying dialyxir_erlang-29.1.1_elixir-1.20.4.plt to dialyxir_erlang-29.1.1_elixir-1.20.4_deps-dev.plt
Looking up modules in dialyxir_erlang-29.1.1_elixir-1.20.4_deps-dev.plt
Checking 494 modules in dialyxir_erlang-29.1.1_elixir-1.20.4_deps-dev.plt
Adding 714 modules to dialyxir_erlang-29.1.1_elixir-1.20.4_deps-dev.plt
done in 0m33.81s
No :ignore_warnings opt specified in mix.exs and default does not exist.

Starting Dialyzer
[
  check_plt: false,
  init_plt: ~c"/app/_build/dev/dialyxir_erlang-29.1.1_elixir-1.20.4_deps-dev.plt",
  files: [~c"/app/_build/dev/lib/campfire/ebin/Elixir.Campfire.Admin.beam",
   ~c"/app/_build/dev/lib/campfire/ebin/Elixir.Campfire.Sessions.beam",
   ~c"/app/_build/dev/lib/campfire/ebin/Elixir.Campfire.Jobs.beam",
   ~c"/app/_build/dev/lib/campfire/ebin/Elixir.Campfire.RateLimiter.beam",
   ~c"/app/_build/dev/lib/campfire/ebin/Elixir.Campfire.UserAgent.beam", ...],
  ...
]
Total errors: 0, Skipped: 0, Unnecessary Skips: 0
done in 0m2.57s
done (passed successfully)
