parity ledger gate SKIPPED
date: 2026-10-05T06:18:31+00:00
host: 7.0.12-linuxkit, , 8 threads, 7GB
server cpus: 0-3 (nproc 4); loadgen cpus: 4-7; network: host
env: WEB_CONCURRENCY=3 JOB_CONCURRENCY=3 RAILS_MAX_THREADS=5 
seed sha256: 58e6bb4498a188b33a52bbb79d82499d96a531f9afb9fc736a801532ddba1817  /Users/lau/oss/once-campfire-rust/parity/.seed/default/db/production.sqlite3
elixir source digest: ffbb623aed4d89e2bd566ea95dd453ad70d4a32862cd6ce0dfe1e6519e401432
rust extra env: 
workload: suites=http cable HTTP_SECS=4 HTTP_CONCS=1 16 64 CABLE_CLIENTS=100 500 1000 CABLE_TPUT_SECS=15 CABLE_POSTERS=4 UPLOAD_REPS=5 REPS=3
request logging (LOG_REQUESTS): false
parity ledger gate: skipped; runner: bench/docker-desktop
quiet wait: LOAD_MAX=1.5 LOAD_WAIT_SECS=120
user agent: (none)
elixir image: campfire-elixir:further-perf sha256:0ffeba9c4d5f38b57e2af865de4022b3ef2664bf901f6057f995728a3cfc07f9 2026-10-05T06:18:03.483491883Z unpacked_bytes=1746080136
reference image: campfire-elixir:pr1 sha256:6efafae2f53ddf896027f9c71d18f126e68b9df3f6a80ba457b83402f9c1faa7 2026-10-05T06:04:03.234272424Z unpacked_bytes=1756645279
rust HEAD: 64f8635 (dirty: 0 files)
[06:19:03] load before run: 1.40 1.30 1.29 (waited 30s)
[06:19:03] elixir rep 1: starting (load: 1.40 1.30 1.29)
[06:19:16] elixir rep 1: cold start 2338ms, idle 166MB (anon 134MB)
[06:19:22] elixir rep 1: room_show c=1 277.0 rps p50 2.857 p99 17.327 {'200': 1109} err 0
[06:19:26] elixir rep 1: room_show c=16 1458.4 rps p50 8.847 p99 40.831 {'200': 5866} err 0
[06:19:31] elixir rep 1: room_show c=64 2410.9 rps p50 22.671 p99 71.039 {'200': 9744} err 0
[06:19:37] elixir rep 1: messages_page c=1 490.0 rps p50 1.577 p99 10.159 {'200': 1963} err 0
[06:19:41] elixir rep 1: messages_page c=16 1499.2 rps p50 9.159 p99 31.215 {'200': 6039} err 0
[06:19:45] elixir rep 1: messages_page c=64 1638.6 rps p50 35.999 p99 121.599 {'200': 6605} err 0
[06:19:51] elixir rep 1: sidebar c=1 955.1 rps p50 0.861 p99 2.303 {'200': 3821} err 0
[06:19:55] elixir rep 1: sidebar c=16 2950.5 rps p50 4.763 p99 12.663 {'200': 11809} err 0
[06:19:59] elixir rep 1: sidebar c=64 3579.5 rps p50 17.391 p99 25.359 {'200': 14357} err 0
[06:20:05] elixir rep 1: search c=1 1346.1 rps p50 0.719 p99 1.217 {'200': 5385} err 0
[06:20:09] elixir rep 1: search c=16 4288.3 rps p50 3.587 p99 6.607 {'200': 17166} err 0
[06:20:13] elixir rep 1: search c=64 3966.9 rps p50 15.759 p99 23.631 {'200': 15910} err 0
[06:20:19] elixir rep 1: avatar c=1 18119.7 rps p50 0.052 p99 0.084 {'200': 72480} err 0
[06:20:23] elixir rep 1: avatar c=16 132575.5 rps p50 0.104 p99 0.324 {'200': 530372} err 0
[06:20:27] elixir rep 1: avatar c=64 141261.3 rps p50 0.366 p99 1.601 {'200': 565348} err 0
[06:20:34] elixir rep 1: static_css c=1 18442.8 rps p50 0.049 p99 0.16 {'200': 73774} err 0
[06:20:38] elixir rep 1: static_css c=16 115641.8 rps p50 0.114 p99 0.484 {'200': 462683} err 0
[06:20:42] elixir rep 1: static_css c=64 158835.8 rps p50 0.33 p99 1.395 {'200': 635670} err 0
[06:20:48] elixir rep 1: up c=1 10644.5 rps p50 0.091 p99 0.135 {'200': 42579} err 0
[06:20:52] elixir rep 1: up c=16 56022.8 rps p50 0.26 p99 0.752 {'200': 224130} err 0
[06:20:56] elixir rep 1: up c=64 55608.7 rps p50 1.048 p99 2.943 {'200': 222605} err 0
[06:21:02] elixir rep 1: post_message c=1 846.7 rps p50 0.999 p99 7.207 {'200': 3387} err 0
[06:21:06] elixir rep 1: post_message c=16 1992.1 rps p50 6.631 p99 15.911 {'200': 7995} err 0
[06:21:10] elixir rep 1: post_message c=64 2027.7 rps p50 31.055 p99 42.271 {'200': 8168} err 0
[06:21:33] elixir rep 1: cable 100 clients ready 100 lat all p50 8.311 p99 13.471 tput 413.5 msg/s 6208 / 6208
[06:21:58] elixir rep 1: cable 500 clients ready 500 lat all p50 13.887 p99 19.279 tput 280.2 msg/s 4207 / 4207
[06:22:23] elixir rep 1: cable 1000 clients ready 1000 lat all p50 20.127 p99 24.655 tput 165.3 msg/s 2482 / 2482
[06:22:26] elixir rep 1: done -> bench/results/further-perf-vs-pr1-macos-m3-20261005/elixir-1.json
[06:24:16] load before run: 1.47 3.41 2.40 (waited 110s)
[06:24:16] reference rep 1: starting (load: 1.47 3.41 2.40)
[06:24:28] reference rep 1: cold start 1458ms, idle 209MB (anon 141MB)
[06:24:34] reference rep 1: room_show c=1 508.7 rps p50 1.581 p99 6.279 {'200': 2035} err 0
[06:24:38] reference rep 1: room_show c=16 1465.3 rps p50 9.911 p99 30.895 {'200': 5866} err 0
[06:24:43] reference rep 1: room_show c=64 1188.9 rps p50 44.351 p99 171.391 {'200': 4813} err 0
[06:24:49] reference rep 1: messages_page c=1 346.2 rps p50 2.535 p99 6.783 {'200': 1385} err 0
[06:24:53] reference rep 1: messages_page c=16 1212.3 rps p50 12.519 p99 29.439 {'200': 4879} err 0
[06:24:57] reference rep 1: messages_page c=64 915.4 rps p50 62.079 p99 147.583 {'200': 3726} err 0
[06:25:03] reference rep 1: sidebar c=1 317.4 rps p50 2.431 p99 13.223 {'200': 1270} err 0
[06:25:07] reference rep 1: sidebar c=16 1687.7 rps p50 8.599 p99 22.767 {'200': 6760} err 0
[06:25:11] reference rep 1: sidebar c=64 1575.5 rps p50 36.959 p99 104.255 {'200': 6353} err 0
[06:25:17] reference rep 1: search c=1 558.7 rps p50 1.593 p99 3.845 {'200': 2236} err 0
[06:25:21] reference rep 1: search c=16 1587.4 rps p50 9.399 p99 21.647 {'200': 6358} err 0
[06:25:25] reference rep 1: search c=64 1645.1 rps p50 35.807 p99 65.791 {'200': 6642} err 0
[06:25:31] reference rep 1: avatar c=1 13570.2 rps p50 0.068 p99 0.222 {'200': 54285} err 0
[06:25:35] reference rep 1: avatar c=16 63714.6 rps p50 0.167 p99 1.125 {'200': 254910} err 0
[06:25:40] reference rep 1: avatar c=64 40972.9 rps p50 0.48 p99 9.775 {'200': 164523} err 0
[06:25:46] reference rep 1: static_css c=1 13206.8 rps p50 0.06 p99 0.321 {'200': 52831} err 0
[06:25:50] reference rep 1: static_css c=16 80901.7 rps p50 0.127 p99 1.054 {'200': 323639} err 0
[06:25:54] reference rep 1: static_css c=64 68182.3 rps p50 0.343 p99 5.415 {'200': 272899} err 0
[06:26:00] reference rep 1: up c=1 4040.7 rps p50 0.227 p99 0.562 {'200': 16164} err 0
[06:26:04] reference rep 1: up c=16 10820.7 rps p50 1.321 p99 4.231 {'200': 43308} err 0
[06:26:08] reference rep 1: up c=64 10271.5 rps p50 5.655 p99 17.071 {'200': 41118} err 0
[06:26:14] reference rep 1: post_message c=1 506.4 rps p50 1.535 p99 8.175 {'200': 2026} err 0
Traceback (most recent call last):
  File "<string>", line 1, in <module>
    import json,sys; r=json.loads(sys.argv[1]); assert r["errors"]==0 and r.get("invalid_responses",0)==0 and set(r["statuses"])=={"200"}, r; r["cpu_us_per_success"]=(int(sys.argv[3])-int(sys.argv[2]))/r["ok"]; print(json.dumps(r))
                                                       ^^^^^^^^^^^^^^^^^^^^^^^^^^^^^^^^^^^^^^^^^^^^^^^^^^^^^^^^^^^^^^^^^^^^^^^^^^^^^^^^^^
AssertionError: {'avg_bytes': 2006, 'conc': 16, 'errors': 0, 'gzip': True, 'invalid_responses': 1, 'latency': {'max_ms': 87.039, 'mean_ms': 15.64, 'n': 4094, 'p50_ms': 14.583, 'p90_ms': 22.591, 'p99_ms': 37.567}, 'ok': 4093, 'path': 'POST /rooms/201306877/messages', 'rps': 1020.7, 'secs': 4.01, 'statuses': {'200': 4093, '500': 1}}
EXIT 1
